../Core/Src/main.c:107:5:main	128	static
../Core/Src/main.c:244:6:SystemClock_Config	88	static
../Core/Src/main.c:291:13:MX_TIM1_Init	104	static
../Core/Src/main.c:368:13:MX_TIM2_Init	40	static
../Core/Src/main.c:413:13:MX_USART2_UART_Init	8	static
../Core/Src/main.c:461:13:MX_GPIO_Init	40	static
../Core/Src/main.c:509:6:HAL_UART_RxCpltCallback	16	static
../Core/Src/main.c:519:6:Error_Handler	4	static,ignoring_inline_asm
../Core/Src/main.c:536:6:HAL_TIM_PeriodElapsedCallback	16	static
../Core/Src/main.c:553:6:HAL_GPIO_EXTI_Callback	16	static
