../Core/Src/main.c:108:5:main	128	static
../Core/Src/main.c:259:6:SystemClock_Config	88	static
../Core/Src/main.c:306:13:MX_TIM1_Init	104	static
../Core/Src/main.c:383:13:MX_TIM2_Init	40	static
../Core/Src/main.c:428:13:MX_USART2_UART_Init	8	static
../Core/Src/main.c:476:13:MX_GPIO_Init	40	static
../Core/Src/main.c:524:6:HAL_UART_RxCpltCallback	16	static
../Core/Src/main.c:534:6:Error_Handler	4	static,ignoring_inline_asm
../Core/Src/main.c:551:6:HAL_TIM_PeriodElapsedCallback	16	static
../Core/Src/main.c:567:6:HAL_GPIO_EXTI_Callback	16	static
../Core/Src/main.c:573:5:__io_putchar	16	static
