09:08:08 **** Incremental Build of configuration Debug for project TP_actionneurs_cottu_jaimes ****
make -j8 all 
arm-none-eabi-gcc "../Core/Src/main.c" -mcpu=cortex-m4 -std=gnu11 -g3 -DDEBUG -DUSE_HAL_DRIVER -DSTM32G474xx -c -I../Core/Inc -I../Drivers/STM32G4xx_HAL_Driver/Inc -I../Drivers/STM32G4xx_HAL_Driver/Inc/Legacy -I../Drivers/CMSIS/Device/ST/STM32G4xx/Include -I../Drivers/CMSIS/Include -O0 -ffunction-sections -fdata-sections -Wall -fstack-usage -MMD -MP -MF"Core/Src/main.d" -MT"Core/Src/main.o" --specs=nano.specs -mfpu=fpv4-sp-d16 -mfloat-abi=hard -mthumb -o "Core/Src/main.o"
arm-none-eabi-gcc "../Core/Src/motor_cmd.c" -mcpu=cortex-m4 -std=gnu11 -g3 -DDEBUG -DUSE_HAL_DRIVER -DSTM32G474xx -c -I../Core/Inc -I../Drivers/STM32G4xx_HAL_Driver/Inc -I../Drivers/STM32G4xx_HAL_Driver/Inc/Legacy -I../Drivers/CMSIS/Device/ST/STM32G4xx/Include -I../Drivers/CMSIS/Include -O0 -ffunction-sections -fdata-sections -Wall -fstack-usage -MMD -MP -MF"Core/Src/motor_cmd.d" -MT"Core/Src/motor_cmd.o" --specs=nano.specs -mfpu=fpv4-sp-d16 -mfloat-abi=hard -mthumb -o "Core/Src/motor_cmd.o"
../Core/Src/main.c: In function 'main':
../Core/Src/main.c:202:14: warning: pointer targets in passing argument 1 of 'sprintf' differ in signedness [-Wpointer-sign]
  202 |      sprintf(uartTxBuffer,"Switch on/off led : %d\r\n",atoi(argv[2]));
      |              ^~~~~~~~~~~~
      |              |
      |              uint8_t * {aka unsigned char *}
In file included from ../Core/Src/main.c:27:
c:\st\stm32cubeide_1.6.0\stm32cubeide\plugins\com.st.stm32cube.ide.mcu.externaltools.gnu-tools-for-stm32.10.3-2021.10.win32_1.0.0.202111181127\tools\arm-none-eabi\include\stdio.h:244:14: note: expected 'char * restrict' but argument is of type 'uint8_t *' {aka 'unsigned char *'}
  244 | int sprintf (char *__restrict, const char *__restrict, ...)
      |              ^
arm-none-eabi-gcc -o "TP_actionneurs_cottu_jaimes.elf" @"objects.list"   -mcpu=cortex-m4 -T"C:\Users\bapti\Documents\GitHub\TP_actionneurs_cottu_jaimes\TP_actionneurs_cottu_jaimes\STM32G474RETX_FLASH.ld" --specs=nosys.specs -Wl,-Map="TP_actionneurs_cottu_jaimes.map" -Wl,--gc-sections -static --specs=nano.specs -mfpu=fpv4-sp-d16 -mfloat-abi=hard -mthumb -Wl,--start-group -lc -lm -Wl,--end-group
Finished building target: TP_actionneurs_cottu_jaimes.elf
 
arm-none-eabi-size   TP_actionneurs_cottu_jaimes.elf 
arm-none-eabi-objdump -h -S  TP_actionneurs_cottu_jaimes.elf  > "TP_actionneurs_cottu_jaimes.list"
   text	   data	    bss	    dec	    hex	filename
  33848	    276	   1956	  36080	   8cf0	TP_actionneurs_cottu_jaimes.elf
Finished building: default.size.stdout
 
Finished building: TP_actionneurs_cottu_jaimes.list
 

09:08:10 Build Finished. 0 errors, 1 warnings. (took 2s.458ms)

