08:18:49 **** Incremental Build of configuration Debug for project TP_actionneurs_cottu_jaimes ****
make -j8 all 
arm-none-eabi-gcc "../Core/Src/main.c" -mcpu=cortex-m4 -std=gnu11 -g3 -DDEBUG -DUSE_HAL_DRIVER -DSTM32G474xx -c -I../Core/Inc -I../Drivers/STM32G4xx_HAL_Driver/Inc -I../Drivers/STM32G4xx_HAL_Driver/Inc/Legacy -I../Drivers/CMSIS/Device/ST/STM32G4xx/Include -I../Drivers/CMSIS/Include -O0 -ffunction-sections -fdata-sections -Wall -fstack-usage -MMD -MP -MF"Core/Src/main.d" -MT"Core/Src/main.o" --specs=nano.specs -mfpu=fpv4-sp-d16 -mfloat-abi=hard -mthumb -o "Core/Src/main.o"
../Core/Src/main.c: In function 'main':
../Core/Src/main.c:141:14: warning: passing argument 2 of 'memset' makes integer from pointer without a cast [-Wint-conversion]
  141 |  memset(argv,NULL,MAX_ARGS*sizeof(char*));
      |              ^~~~
      |              |
      |              void *
In file included from ../Core/Src/main.c:26:
c:\st\stm32cubeide_1.6.0\stm32cubeide\plugins\com.st.stm32cube.ide.mcu.externaltools.gnu-tools-for-stm32.10.3-2021.10.win32_1.0.0.202111181127\tools\arm-none-eabi\include\string.h:33:25: note: expected 'int' but argument is of type 'void *'
   33 | void *  memset (void *, int, size_t);
      |                         ^~~
../Core/Src/main.c:142:19: warning: passing argument 2 of 'memset' makes integer from pointer without a cast [-Wint-conversion]
  142 |  memset(cmdBuffer,NULL,CMD_BUFFER_SIZE*sizeof(char));
      |                   ^~~~
      |                   |
      |                   void *
In file included from ../Core/Src/main.c:26:
c:\st\stm32cubeide_1.6.0\stm32cubeide\plugins\com.st.stm32cube.ide.mcu.externaltools.gnu-tools-for-stm32.10.3-2021.10.win32_1.0.0.202111181127\tools\arm-none-eabi\include\string.h:33:25: note: expected 'int' but argument is of type 'void *'
   33 | void *  memset (void *, int, size_t);
      |                         ^~~
../Core/Src/main.c:143:22: warning: passing argument 2 of 'memset' makes integer from pointer without a cast [-Wint-conversion]
  143 |  memset(uartRxBuffer,NULL,UART_RX_BUFFER_SIZE*sizeof(char));
      |                      ^~~~
      |                      |
      |                      void *
In file included from ../Core/Src/main.c:26:
c:\st\stm32cubeide_1.6.0\stm32cubeide\plugins\com.st.stm32cube.ide.mcu.externaltools.gnu-tools-for-stm32.10.3-2021.10.win32_1.0.0.202111181127\tools\arm-none-eabi\include\string.h:33:25: note: expected 'int' but argument is of type 'void *'
   33 | void *  memset (void *, int, size_t);
      |                         ^~~
../Core/Src/main.c:144:22: warning: passing argument 2 of 'memset' makes integer from pointer without a cast [-Wint-conversion]
  144 |  memset(uartTxBuffer,NULL,UART_TX_BUFFER_SIZE*sizeof(char));
      |                      ^~~~
      |                      |
      |                      void *
In file included from ../Core/Src/main.c:26:
c:\st\stm32cubeide_1.6.0\stm32cubeide\plugins\com.st.stm32cube.ide.mcu.externaltools.gnu-tools-for-stm32.10.3-2021.10.win32_1.0.0.202111181127\tools\arm-none-eabi\include\string.h:33:25: note: expected 'int' but argument is of type 'void *'
   33 | void *  memset (void *, int, size_t);
      |                         ^~~
../Core/Src/main.c:190:60: warning: implicit declaration of function 'atoi' [-Wimplicit-function-declaration]
  190 |      HAL_GPIO_WritePin(GREEN_LED_GPIO_Port, GREEN_LED_Pin, atoi(argv[2]));
      |                                                            ^~~~
../Core/Src/main.c:191:14: warning: pointer targets in passing argument 1 of 'sprintf' differ in signedness [-Wpointer-sign]
  191 |      sprintf(uartTxBuffer,"Switch on/off led : %d\r\n",atoi(argv[2]));
      |              ^~~~~~~~~~~~
      |              |
      |              uint8_t * {aka unsigned char *}
In file included from ../Core/Src/main.c:27:
c:\st\stm32cubeide_1.6.0\stm32cubeide\plugins\com.st.stm32cube.ide.mcu.externaltools.gnu-tools-for-stm32.10.3-2021.10.win32_1.0.0.202111181127\tools\arm-none-eabi\include\stdio.h:244:14: note: expected 'char * restrict' but argument is of type 'uint8_t *' {aka 'unsigned char *'}
  244 | int sprintf (char *__restrict, const char *__restrict, ...)
      |              ^
arm-none-eabi-gcc -o "TP_actionneurs_cottu_jaimes.elf" @"objects.list"   -mcpu=cortex-m4 -T"C:\Users\bapti\Documents\GitHub\TP_actionneurs_cottu_jaimes\TP_actionneurs_cottu_jaimes\STM32G474RETX_FLASH.ld" --specs=nosys.specs -Wl,-Map="TP_actionneurs_cottu_jaimes.map" -Wl,--gc-sections -static --specs=nano.specs -mfpu=fpv4-sp-d16 -mfloat-abi=hard -mthumb -Wl,--start-group -lc -lm -Wl,--end-group
Finished building target: TP_actionneurs_cottu_jaimes.elf
 
arm-none-eabi-size   TP_actionneurs_cottu_jaimes.elf 
arm-none-eabi-objdump -h -S  TP_actionneurs_cottu_jaimes.elf  > "TP_actionneurs_cottu_jaimes.list"
   text	   data	    bss	    dec	    hex	filename
  33108	    276	   1972	  35356	   8a1c	TP_actionneurs_cottu_jaimes.elf
Finished building: default.size.stdout
 
Finished building: TP_actionneurs_cottu_jaimes.list
 

08:18:51 Build Finished. 0 errors, 6 warnings. (took 1s.969ms)

